// Jest Snapshot v1, https://goo.gl/fbAQLP

exports[`Contacts Component can render Contacts 1`] = `
<ul>
  <h3>
    Contact Info
  </h3>
  <li>
    <span>
      Phone Number:
    </span>
     
    (555)555-5555
  </li>
  <li>
    <span>
      Email:
    </span>
     
    hellothere@hi.com
  </li>
  <li>
    <span>
      Github:
    </span>
     
    /yaycub
  </li>
  <li>
    <span>
      LinkedIn:
    </span>
     
    /yaycub
  </li>
</ul>
`;
