// Jest Snapshot v1, https://goo.gl/fbAQLP

exports[`TechStack component can render a TechStack 1`] = `
<ul>
  <h3>
    Tech Stack
  </h3>
  <h4>
    Languages:
  </h4>
  <li
    key="0+HTML/CSS"
  >
    <TechStackItem
      item="HTML/CSS"
    />
  </li>
  <li
    key="1+JavaScript"
  >
    <TechStackItem
      item="JavaScript"
    />
  </li>
  <li
    key="2+SQL"
  >
    <TechStackItem
      item="SQL"
    />
  </li>
  <h4>
    Front-end:
  </h4>
  <li
    key="0+React.js"
  >
    <TechStackItem
      item="React.js"
    />
  </li>
  <li
    key="1+Redux"
  >
    <TechStackItem
      item="Redux"
    />
  </li>
  <h4>
    Back-end:
  </h4>
  <li
    key="0+Node.js"
  >
    <TechStackItem
      item="Node.js"
    />
  </li>
  <li
    key="1+Express"
  >
    <TechStackItem
      item="Express"
    />
  </li>
  <li
    key="2+Mongoose"
  >
    <TechStackItem
      item="Mongoose"
    />
  </li>
  <h4>
    Databases:
  </h4>
  <li
    key="0+PostgreSQL"
  >
    <TechStackItem
      item="PostgreSQL"
    />
  </li>
  <li
    key="1+MongoDB"
  >
    <TechStackItem
      item="MongoDB"
    />
  </li>
</ul>
`;
