// Jest Snapshot v1, https://goo.gl/fbAQLP

exports[`WorkItem Component can render a WorkItem 1`] = `
<section>
  <h4>
    Airbnb
  </h4>
  <p>
    Senior Payments Specialist | May 2014 - April 2019
  </p>
  <ul>
    <li
      key="0"
    >
      Identified impact of bugs using SQL queries and notified engineering via Jira
    </li>
    <li
      key="1"
    >
      Built a partnership between Airbnb Collections and Airbnb Payments CS
    </li>
    <li
      key="2"
    >
      Trained multiple entry level associates on the Payments CS team & partner CS
    </li>
    <li
      key="3"
    >
      Consistent top performer on the team
    </li>
  </ul>
</section>
`;
